../Core/Src/main.c:92:6:setServoPosition_PA8	16	static
../Core/Src/main.c:97:6:setServoPosition_PB0	16	static
../Core/Src/main.c:102:6:setServoPosition_PA6	16	static
../Core/Src/main.c:107:6:setServoPosition_PA10	16	static
../Core/Src/main.c:112:6:moveServoSmoothly	40	static
../Core/Src/main.c:139:5:main	40	static
../Core/Src/main.c:269:6:SystemClock_Config	96	static
../Core/Src/main.c:319:13:MX_TIM1_Init	112	static
../Core/Src/main.c:407:13:MX_TIM3_Init	64	static
../Core/Src/main.c:478:13:MX_USART1_UART_Init	8	static
../Core/Src/main.c:513:13:MX_USART2_UART_Init	8	static
../Core/Src/main.c:548:13:MX_GPIO_Init	48	static
../Core/Src/main.c:581:6:HAL_UART_RxCpltCallback	16	static
../Core/Src/main.c:594:6:Error_Handler	4	static,ignoring_inline_asm
