../Core/Src/main.c:64:6:HAL_GPIO_EXTI_Callback	16	static
../Core/Src/main.c:83:6:ADC_Select_CH1	8	static
../Core/Src/main.c:97:6:ADC_Select_CH2	8	static
../Core/Src/main.c:113:6:ADC_Select_CH3	8	static
../Core/Src/main.c:128:6:ADC_Select_CH4	8	static
../Core/Src/main.c:154:5:main	16	static
../Core/Src/main.c:353:6:SystemClock_Config	96	static
../Core/Src/main.c:400:13:MX_ADC1_Init	48	static
../Core/Src/main.c:494:13:MX_TIM1_Init	112	static
../Core/Src/main.c:574:13:MX_TIM3_Init	64	static
../Core/Src/main.c:637:13:MX_GPIO_Init	40	static
../Core/Src/main.c:690:6:Error_Handler	4	static,ignoring_inline_asm
