../Core/Src/main.c:85:5:main	128	static
../Core/Src/main.c:220:6:SystemClock_Config	96	static
../Core/Src/main.c:270:13:MX_LPUART1_UART_Init	8	static
../Core/Src/main.c:302:13:MX_UART4_Init	8	static
../Core/Src/main.c:335:13:MX_USART1_UART_Init	8	static
../Core/Src/main.c:368:13:MX_USART2_UART_Init	8	static
../Core/Src/main.c:401:13:MX_USART3_UART_Init	8	static
../Core/Src/main.c:434:13:MX_TIM1_Init	112	static
../Core/Src/main.c:516:13:MX_TIM2_Init	64	static
../Core/Src/main.c:577:13:MX_GPIO_Init	48	static
../Core/Src/main.c:620:6:HAL_UART_RxCpltCallback	16	static
../Core/Src/main.c:633:6:Error_Handler	4	static,ignoring_inline_asm
