../Core/Src/main.c:82:5:main	80	static
../Core/Src/main.c:176:6:SystemClock_Config	96	static
../Core/Src/main.c:226:13:MX_LPUART1_UART_Init	8	static
../Core/Src/main.c:260:13:MX_USART2_UART_Init	8	static
../Core/Src/main.c:295:13:MX_USART3_UART_Init	8	static
../Core/Src/main.c:330:13:MX_TIM1_Init	112	static
../Core/Src/main.c:410:13:MX_TIM2_Init	64	static
../Core/Src/main.c:473:13:MX_GPIO_Init	48	static
../Core/Src/main.c:516:6:HAL_UART_RxCpltCallback	16	static
../Core/Src/main.c:529:6:Error_Handler	4	static,ignoring_inline_asm
