../Core/Src/main.c:88:5:main	32	static
../Core/Src/main.c:251:6:SystemClock_Config	88	static
../Core/Src/main.c:292:13:MX_TIM1_Init	120	static
../Core/Src/main.c:374:13:MX_TIM2_Init	64	static
../Core/Src/main.c:433:13:MX_TIM3_Init	64	static
../Core/Src/main.c:496:13:MX_TIM15_Init	120	static
../Core/Src/main.c:576:13:MX_USART1_UART_Init	8	static
../Core/Src/main.c:624:13:MX_USART2_UART_Init	8	static
../Core/Src/main.c:672:13:MX_GPIO_Init	16	static
../Core/Src/main.c:686:6:HAL_UART_RxCpltCallback	16	static
../Core/Src/main.c:699:6:Error_Handler	8	static,ignoring_inline_asm
