../Core/Src/main.c:82:5:main	72	static
../Core/Src/main.c:177:6:SystemClock_Config	96	static
../Core/Src/main.c:227:13:MX_LPUART1_UART_Init	8	static
../Core/Src/main.c:261:13:MX_USART2_UART_Init	8	static
../Core/Src/main.c:296:13:MX_USART3_UART_Init	8	static
../Core/Src/main.c:331:13:MX_TIM1_Init	112	static
../Core/Src/main.c:419:13:MX_TIM2_Init	64	static
../Core/Src/main.c:482:13:MX_GPIO_Init	48	static
../Core/Src/main.c:525:6:HAL_UART_RxCpltCallback	16	static
../Core/Src/main.c:538:6:Error_Handler	4	static,ignoring_inline_asm
