../Core/Src/main.c:82:5:main	72	static
../Core/Src/main.c:174:6:SystemClock_Config	96	static
../Core/Src/main.c:224:13:MX_LPUART1_UART_Init	8	static
../Core/Src/main.c:258:13:MX_USART2_UART_Init	8	static
../Core/Src/main.c:293:13:MX_USART3_UART_Init	8	static
../Core/Src/main.c:328:13:MX_TIM1_Init	112	static
../Core/Src/main.c:416:13:MX_TIM2_Init	64	static
../Core/Src/main.c:479:13:MX_GPIO_Init	48	static
../Core/Src/main.c:522:6:HAL_UART_RxCpltCallback	16	static
../Core/Src/main.c:535:6:Error_Handler	4	static,ignoring_inline_asm
