../Core/Src/main.c:83:6:HAL_GPIO_EXTI_Rising_Callback	16	static
../Core/Src/main.c:95:6:HAL_GPIO_EXTI_Falling_Callback	24	static
../Core/Src/main.c:118:5:__io_putchar	16	static
../Core/Src/main.c:129:5:main	32	static
../Core/Src/main.c:284:6:SystemClock_Config	104	static
../Core/Src/main.c:335:13:MX_ADC1_Init	48	static
../Core/Src/main.c:429:13:MX_ICACHE_Init	8	static
../Core/Src/main.c:457:13:MX_TIM1_Init	120	static
../Core/Src/main.c:543:13:MX_TIM4_Init	64	static
../Core/Src/main.c:606:13:MX_USART2_UART_Init	8	static
../Core/Src/main.c:652:13:MX_DMA_Init	16	static
../Core/Src/main.c:671:13:MX_GPIO_Init	40	static
../Core/Src/main.c:742:6:Error_Handler	4	static,ignoring_inline_asm
