../Core/Src/main.c:84:5:main	64	static
../Core/Src/main.c:193:6:SystemClock_Config	96	static
../Core/Src/main.c:243:13:MX_LPUART1_UART_Init	8	static
../Core/Src/main.c:277:13:MX_UART4_Init	8	static
../Core/Src/main.c:312:13:MX_USART2_UART_Init	8	static
../Core/Src/main.c:347:13:MX_USART3_UART_Init	8	static
../Core/Src/main.c:382:13:MX_TIM1_Init	112	static
../Core/Src/main.c:470:13:MX_TIM2_Init	64	static
../Core/Src/main.c:533:13:MX_GPIO_Init	48	static
../Core/Src/main.c:576:6:HAL_UART_RxCpltCallback	16	static
../Core/Src/main.c:589:6:Error_Handler	4	static,ignoring_inline_asm
